2026-08-05 19:39:14,490 INFO 开仓 SUI: 名义 300 USDC，3 笔，每笔 100U / 147.1562 SUI
2026-08-05 19:39:16,137 INFO [SUI] 第 1/3 对
2026-08-05 19:39:17,519 INFO   [SUI_USDC] 第1次尝试: 现货@0.6694 合约@0.6897
2026-08-05 19:39:17,519 INFO [DRY] 现货买入 SUI_USDC 147.1562 @ 0.6694
2026-08-05 19:39:17,519 INFO [DRY] 合约卖出 SUI_USDC_PERP 147.1562 @ 0.6897 (maker(postOnly))
2026-08-05 19:39:19,520 INFO   [SUI_USDC] 两腿均成交 ✓
2026-08-05 19:39:21,520 INFO [SUI] 第 2/3 对
2026-08-05 19:39:23,245 INFO   [SUI_USDC] 第1次尝试: 现货@0.6694 合约@0.6897
2026-08-05 19:39:23,246 INFO [DRY] 现货买入 SUI_USDC 147.1562 @ 0.6694
2026-08-05 19:39:23,246 INFO [DRY] 合约卖出 SUI_USDC_PERP 147.1562 @ 0.6897 (maker(postOnly))
2026-08-05 19:39:25,252 INFO   [SUI_USDC] 两腿均成交 ✓
2026-08-05 19:39:27,252 INFO [SUI] 第 3/3 对
2026-08-05 19:39:29,030 INFO   [SUI_USDC] 第1次尝试: 现货@0.6694 合约@0.6897
2026-08-05 19:39:29,030 INFO [DRY] 现货买入 SUI_USDC 147.1562 @ 0.6694
2026-08-05 19:39:29,031 INFO [DRY] 合约卖出 SUI_USDC_PERP 147.1562 @ 0.6897 (maker(postOnly))
2026-08-05 19:39:31,031 INFO   [SUI_USDC] 两腿均成交 ✓
2026-08-05 19:39:33,033 INFO 平仓 SUI: 441.4686 SUI
2026-08-05 19:39:36,095 INFO [DRY] 现货卖出 SUI_USDC 147.1562 @ 0.6897
2026-08-05 19:39:36,095 INFO [DRY] 合约买入平仓 SUI_USDC_PERP 147.1562 @ 0.6694
2026-08-05 19:39:41,011 INFO [DRY] 现货卖出 SUI_USDC 147.1562 @ 0.6897
2026-08-05 19:39:41,011 INFO [DRY] 合约买入平仓 SUI_USDC_PERP 147.1562 @ 0.6694
2026-08-05 19:40:55,708 INFO [31m[1mWARNING: This is a development server. Do not use it in a production deployment. Use a production WSGI server instead.[0m
 * Running on http://127.0.0.1:6000
2026-08-05 19:40:55,709 INFO [33mPress CTRL+C to quit[0m
2026-08-05 19:41:07,429 INFO 127.0.0.1 - - [05/Aug/2026 19:41:07] "GET /api/state HTTP/1.1" 200 -
2026-08-05 19:41:08,250 INFO [31m[1mWARNING: This is a development server. Do not use it in a production deployment. Use a production WSGI server instead.[0m
 * Running on http://127.0.0.1:6000
2026-08-05 19:41:08,250 INFO [33mPress CTRL+C to quit[0m
2026-08-05 19:41:20,449 INFO [31m[1mWARNING: This is a development server. Do not use it in a production deployment. Use a production WSGI server instead.[0m
 * Running on http://127.0.0.1:6000
2026-08-05 19:41:20,449 INFO [33mPress CTRL+C to quit[0m
